// Jest Snapshot v1, https://goo.gl/fbAQLP

exports[`ForecastDetails renders correctly 1`] = `
<DocumentFragment>
  <div
    class="forecast-details"
  >
    <div
      class="forecast-details__date"
    >
      Thu Jan 01 1970
    </div>
    <div
      class="forecast-details__min-temperature"
    >
      12°C
    </div>
    <div
      class="forecast-details__max-temperature"
    >
      22°C
    </div>
    <div
      class="forecast-details__humidity"
    >
      54%
    </div>
    <div
      class="forecast-details__wind"
    >
      5mph, w
    </div>
  </div>
</DocumentFragment>
`;
